Archive member included to satisfy reference by file (symbol)

C:/ProgramData/MATLAB/SupportPackages/R2021a/3P.instrset/vexv5sdk.instrset/SDK_V5_1_0_12_0/vexv5/libv5rts.a(v5_startup.c.obj)
                              (vexStartup)
C:/ProgramData/MATLAB/SupportPackages/R2021a/3P.instrset/vexv5sdk.instrset/SDK_V5_1_0_12_0/vexv5/libv5rts.a(v5_apijump.c.obj)
                              C:/ProgramData/MATLAB/SupportPackages/R2021a/3P.instrset/vexv5sdk.instrset/SDK_V5_1_0_12_0/vexv5/libv5rts.a(v5_startup.c.obj) (vexPrivateApiDisable)
C:/ProgramData/MATLAB/SupportPackages/R2021a/3P.instrset/vexv5sdk.instrset/SDK_V5_1_0_12_0/vexv5/libv5rts.a(v5_apiuser.c.obj)
                              Drive1.o (vexMotorVelocitySet)
C:/ProgramData/MATLAB/SupportPackages/R2021a/3P.instrset/vexv5sdk.instrset/SDK_V5_1_0_12_0/vexv5/libv5rts.a(v5_apiversions.c.obj)
                              C:/ProgramData/MATLAB/SupportPackages/R2021a/3P.instrset/vexv5sdk.instrset/SDK_V5_1_0_12_0/vexv5/libv5rts.a(v5_apijump.c.obj) (vexSystemVersion)
c:/progra~3/matlab/suppor~1/r2021a/3p778c~1.ins/gnuarm~1.ins/win/bin/../lib/gcc/arm-none-eabi/9.3.1/../../../../arm-none-eabi/lib/thumb/v7-a+simd/softfp/libc.a(lib_a-fini.o)
                              C:/ProgramData/MATLAB/SupportPackages/R2021a/3P.instrset/vexv5sdk.instrset/SDK_V5_1_0_12_0/vexv5/libv5rts.a(v5_startup.c.obj) (__libc_fini_array)
c:/progra~3/matlab/suppor~1/r2021a/3p778c~1.ins/gnuarm~1.ins/win/bin/../lib/gcc/arm-none-eabi/9.3.1/../../../../arm-none-eabi/lib/thumb/v7-a+simd/softfp/libc.a(lib_a-init.o)
                              C:/ProgramData/MATLAB/SupportPackages/R2021a/3P.instrset/vexv5sdk.instrset/SDK_V5_1_0_12_0/vexv5/libv5rts.a(v5_startup.c.obj) (__libc_init_array)
c:/progra~3/matlab/suppor~1/r2021a/3p778c~1.ins/gnuarm~1.ins/win/bin/../lib/gcc/arm-none-eabi/9.3.1/../../../../arm-none-eabi/lib/thumb/v7-a+simd/softfp/libc.a(lib_a-memcpy.o)
                              queue.o (memcpy)
c:/progra~3/matlab/suppor~1/r2021a/3p778c~1.ins/gnuarm~1.ins/win/bin/../lib/gcc/arm-none-eabi/9.3.1/../../../../arm-none-eabi/lib/thumb/v7-a+simd/softfp/libc.a(lib_a-memset.o)
                              Drive1.o (memset)
c:/progra~3/matlab/suppor~1/r2021a/3p778c~1.ins/gnuarm~1.ins/win/bin/../lib/gcc/arm-none-eabi/9.3.1/../../../../arm-none-eabi/lib/thumb/v7-a+simd/softfp/libc.a(lib_a-strcpy.o)
                              MW_SupportFunc_Wrapper.o (strcpy)
c:/progra~3/matlab/suppor~1/r2021a/3p778c~1.ins/gnuarm~1.ins/win/bin/../lib/gcc/arm-none-eabi/9.3.1/../../../../arm-none-eabi/lib/thumb/v7-a+simd/softfp/libc.a(lib_a-strlen.o)
                              MW_SupportFunc_Wrapper.o (strlen)
c:/progra~3/matlab/suppor~1/r2021a/3p778c~1.ins/gnuarm~1.ins/win/bin/../lib/gcc/arm-none-eabi/9.3.1/../../../../arm-none-eabi/lib/thumb/v7-a+simd/softfp/libc.a(lib_a-strncpy.o)
                              MW_TabManager.o (strncpy)

Allocating common symbols
Common symbol       size              file

__vex_critical_section
                    0x1               C:/ProgramData/MATLAB/SupportPackages/R2021a/3P.instrset/vexv5sdk.instrset/SDK_V5_1_0_12_0/vexv5/libv5rts.a(v5_startup.c.obj)
threadJoinStatus    0x4               ert_main.o
Drive1_B            0xe8              Drive1.o
stopSem             0x4               ert_main.o
xQueueRegistry      0x40              queue.o
baserateTaskSem     0x4               ert_main.o
Drive1_DW           0xc0              Drive1.o
Drive1_PrevZCX      0x3               Drive1.o
mw_scheduler_timer_def
                    0x24              mw_freertos_init.o
baseRateThread      0x20              ert_main.o
schedulerThread     0x20              ert_main.o
mw_timer_id         0x4               mw_freertos_init.o

Discarded input sections

 .text          0x00000000        0x0 Drive1.o
 .data          0x00000000        0x0 Drive1.o
 .bss           0x00000000        0x0 Drive1.o
 .text          0x00000000        0x0 Drive1_data.o
 .data          0x00000000        0x0 Drive1_data.o
 .bss           0x00000000        0x0 Drive1_data.o
 .text          0x00000000        0x0 FreeRTOS_asm_vectors.o
 .data          0x00000000        0x0 FreeRTOS_asm_vectors.o
 .bss           0x00000000        0x0 FreeRTOS_asm_vectors.o
 .ARM.attributes
                0x00000000       0x23 FreeRTOS_asm_vectors.o
 .text          0x00000000        0x0 MW_FreeRTOS_glue.o
 .data          0x00000000        0x0 MW_FreeRTOS_glue.o
 .bss           0x00000000        0x0 MW_FreeRTOS_glue.o
 .text          0x00000000        0x0 MW_SupportFunc_Wrapper.o
 .data          0x00000000        0x0 MW_SupportFunc_Wrapper.o
 .bss           0x00000000        0x0 MW_SupportFunc_Wrapper.o
 .rodata.OverRunDetected.str1.1
                0x00000000       0x2e MW_SupportFunc_Wrapper.o
 .text.OverRunDetected
                0x00000000       0x30 MW_SupportFunc_Wrapper.o
 .bss.overrunErrMsgIndex1
                0x00000000        0x1 MW_SupportFunc_Wrapper.o
 .text          0x00000000        0x0 MW_TabManager.o
[...]
Memory Configuration

Name             Origin             Length             Attributes
ps7_ddr_0_S_AXI_BASEADDR 0x03800000         0x04800000
*default*        0x00000000         0xffffffff

Linker script and memory map

LOAD Drive1.o
LOAD Drive1_data.o
LOAD FreeRTOS_asm_vectors.o
LOAD MW_FreeRTOS_glue.o
LOAD MW_SupportFunc_Wrapper.o
LOAD MW_TabManager.o
LOAD MW_Vex_TaskControl.o
LOAD croutine.o
LOAD ert_main.o
LOAD event_groups.o
LOAD heap_4.o
LOAD list.o
LOAD mw_freertos_init.o
LOAD mw_semaphore.o
LOAD mw_thread.o
LOAD mw_timer.o
LOAD port.o
LOAD portASM.o
LOAD queue.o
LOAD rt_zcfcn.o
LOAD tasks.o
LOAD timers.o
LOAD C:/ProgramData/MATLAB/SupportPackages/R2021a/3P.instrset/vexv5sdk.instrset/SDK_V5_1_0_12_0/vexv5/libv5rts.a
LOAD c:/progra~3/matlab/suppor~1/r2021a/3p778c~1.ins/gnuarm~1.ins/win/bin/../lib/gcc/arm-none-eabi/9.3.1/../../../../arm-none-eabi/lib/thumb/v7-a+simd/softfp/libm.a
LOAD c:/progra~3/matlab/suppor~1/r2021a/3p778c~1.ins/gnuarm~1.ins/win/bin/../lib/gcc/arm-none-eabi/9.3.1/../../../../arm-none-eabi/lib/thumb/v7-a+simd/softfp/libc.a
LOAD c:/progra~3/matlab/suppor~1/r2021a/3p778c~1.ins/gnuarm~1.ins/win/bin/../lib/gcc/arm-none-eabi/9.3.1/thumb/v7-a+simd/softfp/libgcc.a
LOAD c:/progra~3/matlab/suppor~1/r2021a/3p778c~1.ins/gnuarm~1.ins/win/bin/../lib/gcc/arm-none-eabi/9.3.1/../../../../arm-none-eabi/lib/thumb/v7-a+simd/softfp/libnosys.a
LOAD c:/progra~3/matlab/suppor~1/r2021a/3p778c~1.ins/gnuarm~1.ins/win/bin/../lib/gcc/arm-none-eabi/9.3.1/../../../../arm-none-eabi/lib/thumb/v7-a+simd/softfp\libm.a
                0x00002000                _STACK_SIZE = DEFINED (_STACK_SIZE)?_STACK_SIZE:0x2000
                0x00100000                _HEAP_SIZE = DEFINED (_HEAP_SIZE)?_HEAP_SIZE:0x100000
                0x00000400                _ABORT_STACK_SIZE = DEFINED (_ABORT_STACK_SIZE)?_ABORT_STACK_SIZE:0x400
                0x00000800                _SUPERVISOR_STACK_SIZE = DEFINED (_SUPERVISOR_STACK_SIZE)?_SUPERVISOR_STACK_SIZE:0x800
                0x00000400                _IRQ_STACK_SIZE = DEFINED (_IRQ_STACK_SIZE)?_IRQ_STACK_SIZE:0x400
                0x00000400                _FIQ_STACK_SIZE = DEFINED (_FIQ_STACK_SIZE)?_FIQ_STACK_SIZE:0x400
                0x00000400                _UNDEF_STACK_SIZE = DEFINED (_UNDEF_STACK_SIZE)?_UNDEF_STACK_SIZE:0x400

.text           0x03800000     0x5490
 *(.vectors)
 *(.boot_data)
 .boot_data     0x03800000       0x20 C:/ProgramData/MATLAB/SupportPackages/R2021a/3P.instrset/vexv5sdk.instrset/SDK_V5_1_0_12_0/vexv5/libv5rts.a(v5_startup.c.obj)
                0x03800000                vexCodeSig
                0x00000020                . = 0x20
 *(.boot)
 .boot          0x03800020       0x58 C:/ProgramData/MATLAB/SupportPackages/R2021a/3P.instrset/vexv5sdk.instrset/SDK_V5_1_0_12_0/vexv5/libv5rts.a(v5_startup.c.obj)
                0x03800020                vexStartup
                0x03800080                . = ALIGN (0x40)
 *fill*         0x03800078        0x8 
 *(.freertos_vectors)
 .freertos_vectors
                0x03800080       0xa8 FreeRTOS_asm_vectors.o
                0x03800080                _freertos_vector_table
                0x03800110                vPortInstallFreeRTOSVectorTable
 *(.text)
 *fill*         0x03800128        0x8 
 .text          0x03800130      0x2e0 portASM.o
                0x03800130                FreeRTOS_SWI_Handler
                0x038001d8                vPortRestoreTaskContext
                0x03800240                FreeRTOS_IRQ_Handler
                0x038003b0                vApplicationIRQHandler
 *fill*         0x03800410       0x30 
 .text          0x03800440      0x4e0 c:/progra~3/matlab/suppor~1/r2021a/3p778c~1.ins/gnuarm~1.ins/win/bin/../lib/gcc/arm-none-eabi/9.3.1/../../../../arm-none-eabi/lib/thumb/v7-a+simd/softfp/libc.a(lib_a-memcpy.o)
                0x03800440                memcpy
 *fill*         0x03800920       0x20 
 .text          0x03800940       0xdc c:/progra~3/matlab/suppor~1/r2021a/3p778c~1.ins/gnuarm~1.ins/win/bin/../lib/gcc/arm-none-eabi/9.3.1/../../../../arm-none-eabi/lib/thumb/v7-a+simd/softfp/libc.a(lib_a-strlen.o)
                0x03800940                strlen
 *(.text.*)
 .text.Drive1_chartstep_c3_Drive1
                0x03800a1c      0x128 Drive1.o
 *fill*         0x03800b44        0x4 
 .text.Drive1_step
                0x03800b48      0x750 Drive1.o
                0x03800b48                Drive1_step
 .text.Drive1_initialize
                0x03801298      0x25c Drive1.o
                0x03801298                Drive1_initialize
 .text.Drive1_terminate
                0x038014f4      0x210 Drive1.o
                0x038014f4                Drive1_terminate
 .text.FIQInterrupt
                0x03801704        0x4 MW_FreeRTOS_glue.o
                0x03801704                FIQInterrupt
 .text.DataAbortInterrupt
                0x03801708        0x4 MW_FreeRTOS_glue.o
                0x03801708                DataAbortInterrupt
 .text.PrefetchAbortInterrupt
                0x0380170c        0x4 MW_FreeRTOS_glue.o
                0x0380170c                PrefetchAbortInterrupt
 .text._boot    0x03801710        0x4 MW_FreeRTOS_glue.o
                0x03801710                _boot
 .text.FreeRTOS_Initialize
                0x03801714       0x14 MW_FreeRTOS_glue.o
                0x03801714                FreeRTOS_Initialize
 .text.vConfigureTickInterrupt
                0x03801728       0x10 MW_FreeRTOS_glue.o
                0x03801728                vConfigureTickInterrupt
 .text.vClearTickInterrupt
                0x03801738        0x4 MW_FreeRTOS_glue.o
                0x03801738                vClearTickInterrupt
 .text.vApplicationFPUSafeIRQHandler
                0x0380173c        0x4 MW_FreeRTOS_glue.o
                0x0380173c                vApplicationFPUSafeIRQHandler
 .text.vInitialiseTimerForRunTimeStats
                0x03801740        0x4 MW_FreeRTOS_glue.o
                0x03801740                vInitialiseTimerForRunTimeStats
 .text.vApplicationMallocFailedHook
                0x03801744        0xc MW_FreeRTOS_glue.o
                0x03801744                vApplicationMallocFailedHook
 .text.vApplicationStackOverflowHook
                0x03801750        0xc MW_FreeRTOS_glue.o
                0x03801750                vApplicationStackOverflowHook
 .text.vApplicationIdleHook
                0x0380175c       0x1c MW_FreeRTOS_glue.o
                0x0380175c                vApplicationIdleHook
 .text.vAssertCalled
                0x03801778       0x30 MW_FreeRTOS_glue.o
                0x03801778                vAssertCalled
 .text.vApplicationTickHook
                0x038017a8        0x4 MW_FreeRTOS_glue.o
                0x038017a8                vApplicationTickHook
 .text.vApplicationGetIdleTaskMemory
                0x038017ac       0x24 MW_FreeRTOS_glue.o
                0x038017ac                vApplicationGetIdleTaskMemory
 .text.vApplicationGetTimerTaskMemory
                0x038017d0       0x24 MW_FreeRTOS_glue.o
                0x038017d0                vApplicationGetTimerTaskMemory
 .text.Vexv5_Initialize
                0x038017f4       0x10 MW_SupportFunc_Wrapper.o
                0x038017f4                Vexv5_Initialize
 .text.usbDebug
                0x03801804       0x4c MW_SupportFunc_Wrapper.o
                0x03801804                usbDebug
 .text.DevicePresent
                0x03801850       0x9c MW_SupportFunc_Wrapper.o
                0x03801850                DevicePresent
 .text.MW_TabMgr_IsOtherTabActive
                0x038018ec       0x2c MW_TabManager.o
                0x038018ec                MW_TabMgr_IsOtherTabActive
 .text.MW_TabMgr_GetTotalTabs
                0x03801918       0x24 MW_TabManager.o
                0x03801918                MW_TabMgr_GetTotalTabs
 .text.MW_TabMgr_GetTabTitle
                0x0380193c       0xa8 MW_TabManager.o
                0x0380193c                MW_TabMgr_GetTabTitle
 .text.MW_TabMgr_DrawButton
                0x038019e4       0xe4 MW_TabManager.o
                0x038019e4                MW_TabMgr_DrawButton
 .text.MW_TabMgr_DrawButtons
                0x03801ac8       0x88 MW_TabManager.o
                0x03801ac8                MW_TabMgr_DrawButtons
 .text.MW_TabMgr_DrawTabHeader
                0x03801b50       0x90 MW_TabManager.o
                0x03801b50                MW_TabMgr_DrawTabHeader
 .text.MW_TabMgr_RegisterTabHelper
                0x03801be0       0xbc MW_TabManager.o
                0x03801be0                MW_TabMgr_RegisterTabHelper
 .text.MW_TabMgr_RegisterOtherTab
                0x03801c9c       0x38 MW_TabManager.o
                0x03801c9c                MW_TabMgr_RegisterOtherTab
 .text.MW_TabMgr_ButtonCheckRange
                0x03801cd4       0x48 MW_TabManager.o
                0x03801cd4                MW_TabMgr_ButtonCheckRange
 .text.MW_Buttons_Callback_Released
                0x03801d1c       0x4c MW_TabManager.o
                0x03801d1c                MW_Buttons_Callback_Released
 .text.vexDisplayMessageTabInit
                0x03801d68       0x4c MW_TabManager.o
                0x03801d68                vexDisplayMessageTabInit
 .text.MW_TabMgr_Init
                0x03801db4       0x60 MW_TabManager.o
                0x03801db4                MW_TabMgr_Init
 .text.vexDisplayAllActiveMessages
                0x03801e14       0x58 MW_TabManager.o
                0x03801e14                vexDisplayAllActiveMessages
 .text.MW_TabMgr_Redraw
                0x03801e6c       0x94 MW_TabManager.o
                0x03801e6c                MW_TabMgr_Redraw
 .text.MW_Buttons_Callback_Pressed
                0x03801f00       0x9c MW_TabManager.o
                0x03801f00                MW_Buttons_Callback_Pressed
 .text.MW_TouchCallback
                0x03801f9c       0x24 MW_TabManager.o
                0x03801f9c                MW_TouchCallback
 .text.vexDisplayMessageIsActive
                0x03801fc0       0x3c MW_TabManager.o
                0x03801fc0                vexDisplayMessageIsActive
 .text.vexDisplayMessageOnScreen
                0x03801ffc       0xe4 MW_TabManager.o
                0x03801ffc                vexDisplayMessageOnScreen
 .text.MW_Vex_Terminate
                0x038020e0       0x10 MW_Vex_TaskControl.o
                0x038020e0                MW_Vex_Terminate
 .text.terminateTask
                0x038020f0       0x40 ert_main.o
                0x038020f0                terminateTask
 .text.baseRateTask
                0x03802130       0x84 ert_main.o
                0x03802130                baseRateTask
 .text.startup.main
                0x038021b4       0x44 ert_main.o
                0x038021b4                main
 .text.prvInsertBlockIntoFreeList
                0x038021f8       0x74 heap_4.o
 .text.pvPortMalloc
                0x0380226c      0x1bc heap_4.o
                0x0380226c                pvPortMalloc
 .text.vPortFree
                0x03802428       0xa0 heap_4.o
                0x03802428                vPortFree
 .text.xPortGetFreeHeapSize
                0x038024c8       0x10 heap_4.o
                0x038024c8                xPortGetFreeHeapSize
 .text.vListInitialise
                0x038024d8       0x20 list.o
                0x038024d8                vListInitialise
 .text.vListInitialiseItem
                0x038024f8        0xc list.o
                0x038024f8                vListInitialiseItem
 .text.vListInsertEnd
                0x03802504       0x30 list.o
                0x03802504                vListInsertEnd
 .text.vListInsert
                0x03802534       0x54 list.o
                0x03802534                vListInsert
 .text.uxListRemove
                0x03802588       0x34 list.o
                0x03802588                uxListRemove
 .text.schedulerTask
                0x038025bc        0xc mw_freertos_init.o
                0x038025bc                schedulerTask
 .text.baseRateTaskWrapper
                0x038025c8        0x4 mw_freertos_init.o
                0x038025c8                baseRateTaskWrapper
 .text.mw_RTOSInit
                0x038025cc      0x144 mw_freertos_init.o
                0x038025cc                mw_RTOSInit
 .text.mw_osSemaphoreCreate
                0x03802710       0x1c mw_semaphore.o
                0x03802710                mw_osSemaphoreCreate
 .text.mw_osSemaphoreWaitEver
                0x0380272c       0x3c mw_semaphore.o
                0x0380272c                mw_osSemaphoreWaitEver
 .text.mw_osSemaphoreRelease
                0x03802768       0x3c mw_semaphore.o
                0x03802768                mw_osSemaphoreRelease
 .text.mw_osThreadCreate
                0x038027a4       0x68 mw_thread.o
                0x038027a4                mw_osThreadCreate
 .text.mw_osThreadExit
                0x0380280c        0x8 mw_thread.o
                0x0380280c                mw_osThreadExit
 .text.mw_osTimerCreate
                0x03802814       0x30 mw_timer.o
                0x03802814                mw_osTimerCreate
 .text.mw_osTimerStart
                0x03802844       0x50 mw_timer.o
                0x03802844                mw_osTimerStart
 .text.pxPortInitialiseStack
                0x03802894       0xf0 port.o
                0x03802894                pxPortInitialiseStack
 .text.xPortStartScheduler
                0x03802984       0xe8 port.o
                0x03802984                xPortStartScheduler
 .text.vPortExitCritical
                0x03802a6c       0x5c port.o
                0x03802a6c                vPortExitCritical
 .text.FreeRTOS_Tick_Handler
                0x03802ac8       0x7c port.o
                0x03802ac8                FreeRTOS_Tick_Handler
 .text.vPortClearInterruptMask
                0x03802b44       0x3c port.o
                0x03802b44                vPortClearInterruptMask
 .text.ulPortSetInterruptMask
                0x03802b80       0x48 port.o
                0x03802b80                ulPortSetInterruptMask
 .text.vPortEnterCritical
                0x03802bc8       0x50 port.o
                0x03802bc8                vPortEnterCritical
 .text.vPortValidateInterruptPriority
                0x03802c18       0x4c port.o
                0x03802c18                vPortValidateInterruptPriority
 .text.prvCopyDataToQueue
                0x03802c64       0xcc queue.o
 .text.prvNotifyQueueSetContainer
                0x03802d30       0xb0 queue.o
 .text.prvCopyDataFromQueue
                0x03802de0       0x38 queue.o
 .text.prvUnlockQueue
                0x03802e18       0xc8 queue.o
 .text.xQueueGenericReset
                0x03802ee0       0xa8 queue.o
                0x03802ee0                xQueueGenericReset
 .text.xQueueGenericCreateStatic
                0x03802f88       0xdc queue.o
                0x03802f88                xQueueGenericCreateStatic
 .text.xQueueGenericCreate
                0x03803064       0x70 queue.o
                0x03803064                xQueueGenericCreate
 .text.xQueueCreateCountingSemaphore
                0x038030d4       0x50 queue.o
                0x038030d4                xQueueCreateCountingSemaphore
 .text.xQueueGenericSend
                0x03803124      0x1ec queue.o
                0x03803124                xQueueGenericSend
 .text.xQueueGenericSendFromISR
                0x03803310      0x128 queue.o
                0x03803310                xQueueGenericSendFromISR
 .text.xQueueGenericReceive
                0x03803438      0x1fc queue.o
                0x03803438                xQueueGenericReceive
 .text.vQueueAddToRegistry
                0x03803634       0x3c queue.o
                0x03803634                vQueueAddToRegistry
 .text.vQueueWaitForMessageRestricted
                0x03803670       0x60 queue.o
                0x03803670                vQueueWaitForMessageRestricted
 .text.rt_ZCFcn
                0x038036d0       0xac rt_zcfcn.o
                0x038036d0                rt_ZCFcn
 .text.prvAddNewTaskToReadyList
                0x0380377c      0x160 tasks.o
 .text.prvAddCurrentTaskToDelayedList
                0x038038dc       0xf8 tasks.o
 .text.prvResetNextTaskUnblockTime
                0x038039d4       0x38 tasks.o
 .text.prvInitialiseNewTask.isra.0
                0x03803a0c       0xbc tasks.o
 .text.prvDeleteTCB
                0x03803ac8       0x48 tasks.o
 .text.xTaskCreateStatic
                0x03803b10       0x88 tasks.o
                0x03803b10                xTaskCreateStatic
 .text.xTaskCreate
                0x03803b98       0x90 tasks.o
                0x03803b98                xTaskCreate
 .text.vTaskDelete
                0x03803c28      0x134 tasks.o
                0x03803c28                vTaskDelete
 .text.vTaskStartScheduler
                0x03803d5c       0xc4 tasks.o
                0x03803d5c                vTaskStartScheduler
 .text.vTaskSuspendAll
                0x03803e20       0x18 tasks.o
                0x03803e20                vTaskSuspendAll
 .text.xTaskGetTickCount
                0x03803e38       0x10 tasks.o
                0x03803e38                xTaskGetTickCount
 .text.xTaskIncrementTick
                0x03803e48      0x1c0 tasks.o
                0x03803e48                xTaskIncrementTick
 .text.xTaskResumeAll
                0x03804008      0x154 tasks.o
                0x03804008                xTaskResumeAll
 .text.prvIdleTask
                0x0380415c       0x98 tasks.o
 .text.vTaskSwitchContext
                0x038041f4      0x110 tasks.o
                0x038041f4                vTaskSwitchContext
 .text.vTaskPlaceOnEventList
                0x03804304       0x48 tasks.o
                0x03804304                vTaskPlaceOnEventList
 .text.vTaskPlaceOnEventListRestricted
                0x0380434c       0x54 tasks.o
                0x0380434c                vTaskPlaceOnEventListRestricted
 .text.xTaskRemoveFromEventList
                0x038043a0       0xc0 tasks.o
                0x038043a0                xTaskRemoveFromEventList
 .text.vTaskSetTimeOutState
                0x03804460       0x40 tasks.o
                0x03804460                vTaskSetTimeOutState
 .text.xTaskCheckForTimeOut
                0x038044a0       0xd0 tasks.o
                0x038044a0                xTaskCheckForTimeOut
 .text.vTaskMissedYield
                0x03804570       0x14 tasks.o
                0x03804570                vTaskMissedYield
 .text.xTaskGetSchedulerState
                0x03804584       0x38 tasks.o
                0x03804584                xTaskGetSchedulerState
 .text.vTaskPriorityInherit
                0x038045bc       0xdc tasks.o
                0x038045bc                vTaskPriorityInherit
 .text.xTaskPriorityDisinherit
                0x03804698       0xfc tasks.o
                0x03804698                xTaskPriorityDisinherit
 .text.pvTaskIncrementMutexHeldCount
                0x03804794       0x28 tasks.o
                0x03804794                pvTaskIncrementMutexHeldCount
 .text.prvCheckForValidListAndQueue
                0x038047bc       0x98 timers.o
 .text.prvInsertTimerInActiveList
                0x03804854       0x70 timers.o
 .text.xTimerCreateTimerTask
                0x038048c4       0xa4 timers.o
                0x038048c4                xTimerCreateTimerTask
 .text.xTimerCreate
                0x03804968       0x70 timers.o
                0x03804968                xTimerCreate
 .text.xTimerGenericCommand
                0x038049d8       0x88 timers.o
                0x038049d8                xTimerGenericCommand
 .text.prvSwitchTimerLists
                0x03804a60       0xcc timers.o
 .text.prvTimerTask
                0x03804b2c      0x2c8 timers.o
 .text.vexMain  0x03804df4       0xa0 C:/ProgramData/MATLAB/SupportPackages/R2021a/3P.instrset/vexv5sdk.instrset/SDK_V5_1_0_12_0/vexv5/libv5rts.a(v5_startup.c.obj)
                0x03804df4                vexMain
 .text._init    0x03804e94        0x4 C:/ProgramData/MATLAB/SupportPackages/R2021a/3P.instrset/vexv5sdk.instrset/SDK_V5_1_0_12_0/vexv5/libv5rts.a(v5_startup.c.obj)
                0x03804e94                _init
 .text._fini    0x03804e98        0x4 C:/ProgramData/MATLAB/SupportPackages/R2021a/3P.instrset/vexv5sdk.instrset/SDK_V5_1_0_12_0/vexv5/libv5rts.a(v5_startup.c.obj)
                0x03804e98                _fini
 .text.vexPrivateApiDisable
                0x03804e9c       0x10 C:/ProgramData/MATLAB/SupportPackages/R2021a/3P.instrset/vexv5sdk.instrset/SDK_V5_1_0_12_0/vexv5/libv5rts.a(v5_apijump.c.obj)
                0x03804e9c                vexPrivateApiDisable
 .text.vexBackgroundProcessing
                0x03804eac       0x10 C:/ProgramData/MATLAB/SupportPackages/R2021a/3P.instrset/vexv5sdk.instrset/SDK_V5_1_0_12_0/vexv5/libv5rts.a(v5_apijump.c.obj)
                0x03804eac                vexBackgroundProcessing
 .text.vexDebug
                0x03804ebc       0x34 C:/ProgramData/MATLAB/SupportPackages/R2021a/3P.instrset/vexv5sdk.instrset/SDK_V5_1_0_12_0/vexv5/libv5rts.a(v5_apijump.c.obj)
                0x03804ebc                vexDebug
 .text.vex_vsprintf
                0x03804ef0       0x10 C:/ProgramData/MATLAB/SupportPackages/R2021a/3P.instrset/vexv5sdk.instrset/SDK_V5_1_0_12_0/vexv5/libv5rts.a(v5_apijump.c.obj)
                0x03804ef0                vex_vsprintf
 .text.vexSystemTimeGet
                0x03804f00       0x10 C:/ProgramData/MATLAB/SupportPackages/R2021a/3P.instrset/vexv5sdk.instrset/SDK_V5_1_0_12_0/vexv5/libv5rts.a(v5_apijump.c.obj)
                0x03804f00                vexSystemTimeGet
 .text.vexSystemExitRequest
                0x03804f10       0x1c C:/ProgramData/MATLAB/SupportPackages/R2021a/3P.instrset/vexv5sdk.instrset/SDK_V5_1_0_12_0/vexv5/libv5rts.a(v5_apijump.c.obj)
                0x03804f10                vexSystemExitRequest
 .text.vexDevicesGetNumberByType
                0x03804f2c       0x10 C:/ProgramData/MATLAB/SupportPackages/R2021a/3P.instrset/vexv5sdk.instrset/SDK_V5_1_0_12_0/vexv5/libv5rts.a(v5_apijump.c.obj)
                0x03804f2c                vexDevicesGetNumberByType
 .text.vexDeviceGetByIndex
                0x03804f3c       0x10 C:/ProgramData/MATLAB/SupportPackages/R2021a/3P.instrset/vexv5sdk.instrset/SDK_V5_1_0_12_0/vexv5/libv5rts.a(v5_apijump.c.obj)
                0x03804f3c                vexDeviceGetByIndex
 .text.vexDeviceGetStatus
                0x03804f4c       0x28 C:/ProgramData/MATLAB/SupportPackages/R2021a/3P.instrset/vexv5sdk.instrset/SDK_V5_1_0_12_0/vexv5/libv5rts.a(v5_apijump.c.obj)
                0x03804f4c                vexDeviceGetStatus
 .text.vexControllerGet
                0x03804f74       0x10 C:/ProgramData/MATLAB/SupportPackages/R2021a/3P.instrset/vexv5sdk.instrset/SDK_V5_1_0_12_0/vexv5/libv5rts.a(v5_apijump.c.obj)
                0x03804f74                vexControllerGet
 .text.vexControllerConnectionStatusGet
                0x03804f84       0x10 C:/ProgramData/MATLAB/SupportPackages/R2021a/3P.instrset/vexv5sdk.instrset/SDK_V5_1_0_12_0/vexv5/libv5rts.a(v5_apijump.c.obj)
                0x03804f84                vexControllerConnectionStatusGet
 .text.vexDeviceMotorVelocitySet
                0x03804f94       0x10 C:/ProgramData/MATLAB/SupportPackages/R2021a/3P.instrset/vexv5sdk.instrset/SDK_V5_1_0_12_0/vexv5/libv5rts.a(v5_apijump.c.obj)
                0x03804f94                vexDeviceMotorVelocitySet
 .text.vexDeviceMotorBrakeModeSet
                0x03804fa4       0x10 C:/ProgramData/MATLAB/SupportPackages/R2021a/3P.instrset/vexv5sdk.instrset/SDK_V5_1_0_12_0/vexv5/libv5rts.a(v5_apijump.c.obj)
                0x03804fa4                vexDeviceMotorBrakeModeSet
 .text.vexDeviceMotorPositionReset
                0x03804fb4       0x10 C:/ProgramData/MATLAB/SupportPackages/R2021a/3P.instrset/vexv5sdk.instrset/SDK_V5_1_0_12_0/vexv5/libv5rts.a(v5_apijump.c.obj)
                0x03804fb4                vexDeviceMotorPositionReset
 .text.vexDeviceMotorGearingSet
                0x03804fc4       0x10 C:/ProgramData/MATLAB/SupportPackages/R2021a/3P.instrset/vexv5sdk.instrset/SDK_V5_1_0_12_0/vexv5/libv5rts.a(v5_apijump.c.obj)
                0x03804fc4                vexDeviceMotorGearingSet
 .text.vexDisplayForegroundColor
                0x03804fd4       0x10 C:/ProgramData/MATLAB/SupportPackages/R2021a/3P.instrset/vexv5sdk.instrset/SDK_V5_1_0_12_0/vexv5/libv5rts.a(v5_apijump.c.obj)
                0x03804fd4                vexDisplayForegroundColor
 .text.vexDisplayBackgroundColor
                0x03804fe4       0x10 C:/ProgramData/MATLAB/SupportPackages/R2021a/3P.instrset/vexv5sdk.instrset/SDK_V5_1_0_12_0/vexv5/libv5rts.a(v5_apijump.c.obj)
                0x03804fe4                vexDisplayBackgroundColor
 .text.vexDisplayForegroundColorGet
                0x03804ff4       0x10 C:/ProgramData/MATLAB/SupportPackages/R2021a/3P.instrset/vexv5sdk.instrset/SDK_V5_1_0_12_0/vexv5/libv5rts.a(v5_apijump.c.obj)
                0x03804ff4                vexDisplayForegroundColorGet
 .text.vexDisplayBackgroundColorGet
                0x03805004       0x10 C:/ProgramData/MATLAB/SupportPackages/R2021a/3P.instrset/vexv5sdk.instrset/SDK_V5_1_0_12_0/vexv5/libv5rts.a(v5_apijump.c.obj)
                0x03805004                vexDisplayBackgroundColorGet
 .text.vexDisplayErase
                0x03805014       0x10 C:/ProgramData/MATLAB/SupportPackages/R2021a/3P.instrset/vexv5sdk.instrset/SDK_V5_1_0_12_0/vexv5/libv5rts.a(v5_apijump.c.obj)
                0x03805014                vexDisplayErase
 .text.vexDisplayScrollRect
                0x03805024       0x18 C:/ProgramData/MATLAB/SupportPackages/R2021a/3P.instrset/vexv5sdk.instrset/SDK_V5_1_0_12_0/vexv5/libv5rts.a(v5_apijump.c.obj)
                0x03805024                vexDisplayScrollRect
 .text.vexDisplayRectClear
                0x0380503c       0x18 C:/ProgramData/MATLAB/SupportPackages/R2021a/3P.instrset/vexv5sdk.instrset/SDK_V5_1_0_12_0/vexv5/libv5rts.a(v5_apijump.c.obj)
                0x0380503c                vexDisplayRectClear
 .text.vexDisplayString
                0x03805054       0x34 C:/ProgramData/MATLAB/SupportPackages/R2021a/3P.instrset/vexv5sdk.instrset/SDK_V5_1_0_12_0/vexv5/libv5rts.a(v5_apijump.c.obj)
                0x03805054                vexDisplayString
 .text.vexDisplayStringAt
                0x03805088       0x38 C:/ProgramData/MATLAB/SupportPackages/R2021a/3P.instrset/vexv5sdk.instrset/SDK_V5_1_0_12_0/vexv5/libv5rts.a(v5_apijump.c.obj)
                0x03805088                vexDisplayStringAt
 .text.vexDisplayBigStringAt
                0x038050c0       0x38 C:/ProgramData/MATLAB/SupportPackages/R2021a/3P.instrset/vexv5sdk.instrset/SDK_V5_1_0_12_0/vexv5/libv5rts.a(v5_apijump.c.obj)
                0x038050c0                vexDisplayBigStringAt
 .text.vexSerialWriteBuffer
                0x038050f8       0x10 C:/ProgramData/MATLAB/SupportPackages/R2021a/3P.instrset/vexv5sdk.instrset/SDK_V5_1_0_12_0/vexv5/libv5rts.a(v5_apijump.c.obj)
                0x038050f8                vexSerialWriteBuffer
 .text.vexSystemTimerStop
                0x03805108       0x10 C:/ProgramData/MATLAB/SupportPackages/R2021a/3P.instrset/vexv5sdk.instrset/SDK_V5_1_0_12_0/vexv5/libv5rts.a(v5_apijump.c.obj)
                0x03805108                vexSystemTimerStop
 .text.vexSystemTimerClearInterrupt
                0x03805118       0x10 C:/ProgramData/MATLAB/SupportPackages/R2021a/3P.instrset/vexv5sdk.instrset/SDK_V5_1_0_12_0/vexv5/libv5rts.a(v5_apijump.c.obj)
                0x03805118                vexSystemTimerClearInterrupt
 .text.vexSystemTimerReinitForRtos
                0x03805128       0x10 C:/ProgramData/MATLAB/SupportPackages/R2021a/3P.instrset/vexv5sdk.instrset/SDK_V5_1_0_12_0/vexv5/libv5rts.a(v5_apijump.c.obj)
                0x03805128                vexSystemTimerReinitForRtos
 .text.vexSystemApplicationIRQHandler
                0x03805138       0x10 C:/ProgramData/MATLAB/SupportPackages/R2021a/3P.instrset/vexv5sdk.instrset/SDK_V5_1_0_12_0/vexv5/libv5rts.a(v5_apijump.c.obj)
                0x03805138                vexSystemApplicationIRQHandler
 .text.vexSystemWatchdogReinitRtos
                0x03805148       0x10 C:/ProgramData/MATLAB/SupportPackages/R2021a/3P.instrset/vexv5sdk.instrset/SDK_V5_1_0_12_0/vexv5/libv5rts.a(v5_apijump.c.obj)
                0x03805148                vexSystemWatchdogReinitRtos
 .text.vexSystemWatchdogGet
                0x03805158       0x10 C:/ProgramData/MATLAB/SupportPackages/R2021a/3P.instrset/vexv5sdk.instrset/SDK_V5_1_0_12_0/vexv5/libv5rts.a(v5_apijump.c.obj)
                0x03805158                vexSystemWatchdogGet
 .text.vexSystemBoot
                0x03805168       0x10 C:/ProgramData/MATLAB/SupportPackages/R2021a/3P.instrset/vexv5sdk.instrset/SDK_V5_1_0_12_0/vexv5/libv5rts.a(v5_apijump.c.obj)
                0x03805168                vexSystemBoot
 .text.vexSystemFIQInterrupt
                0x03805178       0x10 C:/ProgramData/MATLAB/SupportPackages/R2021a/3P.instrset/vexv5sdk.instrset/SDK_V5_1_0_12_0/vexv5/libv5rts.a(v5_apijump.c.obj)
                0x03805178                vexSystemFIQInterrupt
 .text.vexSystemDataAbortInterrupt
                0x03805188       0x10 C:/ProgramData/MATLAB/SupportPackages/R2021a/3P.instrset/vexv5sdk.instrset/SDK_V5_1_0_12_0/vexv5/libv5rts.a(v5_apijump.c.obj)
                0x03805188                vexSystemDataAbortInterrupt
 .text.vexSystemPrefetchAbortInterrupt
                0x03805198       0x10 C:/ProgramData/MATLAB/SupportPackages/R2021a/3P.instrset/vexv5sdk.instrset/SDK_V5_1_0_12_0/vexv5/libv5rts.a(v5_apijump.c.obj)
                0x03805198                vexSystemPrefetchAbortInterrupt
 .text.vexTouchUserCallbackSet
                0x038051a8       0x10 C:/ProgramData/MATLAB/SupportPackages/R2021a/3P.instrset/vexv5sdk.instrset/SDK_V5_1_0_12_0/vexv5/libv5rts.a(v5_apijump.c.obj)
                0x038051a8                vexTouchUserCallbackSet
 .text.vexMotorVelocitySet
                0x038051b8       0x20 C:/ProgramData/MATLAB/SupportPackages/R2021a/3P.instrset/vexv5sdk.instrset/SDK_V5_1_0_12_0/vexv5/libv5rts.a(v5_apiuser.c.obj)
                0x038051b8                vexMotorVelocitySet
 .text.vexMotorBrakeModeSet
                0x038051d8       0x20 C:/ProgramData/MATLAB/SupportPackages/R2021a/3P.instrset/vexv5sdk.instrset/SDK_V5_1_0_12_0/vexv5/libv5rts.a(v5_apiuser.c.obj)
                0x038051d8                vexMotorBrakeModeSet
 .text.vexMotorPositionReset
                0x038051f8       0x18 C:/ProgramData/MATLAB/SupportPackages/R2021a/3P.instrset/vexv5sdk.instrset/SDK_V5_1_0_12_0/vexv5/libv5rts.a(v5_apiuser.c.obj)
                0x038051f8                vexMotorPositionReset
 .text.vexMotorGearingSet
                0x03805210       0x20 C:/ProgramData/MATLAB/SupportPackages/R2021a/3P.instrset/vexv5sdk.instrset/SDK_V5_1_0_12_0/vexv5/libv5rts.a(v5_apiuser.c.obj)
                0x03805210                vexMotorGearingSet
 .text.__libc_fini_array
                0x03805230       0x2c c:/progra~3/matlab/suppor~1/r2021a/3p778c~1.ins/gnuarm~1.ins/win/bin/../lib/gcc/arm-none-eabi/9.3.1/../../../../arm-none-eabi/lib/thumb/v7-a+simd/softfp/libc.a(lib_a-fini.o)
                0x03805230                __libc_fini_array
 .text.__libc_init_array
                0x0380525c       0x50 c:/progra~3/matlab/suppor~1/r2021a/3p778c~1.ins/gnuarm~1.ins/win/bin/../lib/gcc/arm-none-eabi/9.3.1/../../../../arm-none-eabi/lib/thumb/v7-a+simd/softfp/libc.a(lib_a-init.o)
                0x0380525c                __libc_init_array
 .text.memset   0x038052ac       0xa0 c:/progra~3/matlab/suppor~1/r2021a/3p778c~1.ins/gnuarm~1.ins/win/bin/../lib/gcc/arm-none-eabi/9.3.1/../../../../arm-none-eabi/lib/thumb/v7-a+simd/softfp/libc.a(lib_a-memset.o)
                0x038052ac                memset
 .text.strcpy   0x0380534c       0xc4 c:/progra~3/matlab/suppor~1/r2021a/3p778c~1.ins/gnuarm~1.ins/win/bin/../lib/gcc/arm-none-eabi/9.3.1/../../../../arm-none-eabi/lib/thumb/v7-a+simd/softfp/libc.a(lib_a-strcpy.o)
                0x0380534c                strcpy
 .text.strncpy  0x03805410       0x74 c:/progra~3/matlab/suppor~1/r2021a/3p778c~1.ins/gnuarm~1.ins/win/bin/../lib/gcc/arm-none-eabi/9.3.1/../../../../arm-none-eabi/lib/thumb/v7-a+simd/softfp/libc.a(lib_a-strncpy.o)
                0x03805410                strncpy
 *fill*         0x03805484        0x4 
 .text.strncpy.__stub
                0x03805488        0x8 linker stubs
 *(.gnu.linkonce.t.*)
 *(.plt)
 *(.gnu_warning)
 *(.gcc_except_table)
 *(.glue_7)
 .glue_7        0x03805490        0x0 linker stubs
 *(.glue_7t)
 .glue_7t       0x03805490        0x0 linker stubs
 *(.vfp11_veneer)
 .vfp11_veneer  0x03805490        0x0 linker stubs
 *(.ARM.extab)
 *(.gnu.linkonce.armextab.*)

.v4_bx          0x03805490        0x0
 .v4_bx         0x03805490        0x0 linker stubs

.iplt           0x03805490        0x0
 .iplt          0x03805490        0x0 Drive1.o

.init
 *(.init)

.fini
 *(.fini)

.rodata         0x03805490      0x47b
                0x03805490                __rodata_start = .
 *(.rodata)
 *(.rodata.*)
 .rodata.Drive1_M
                0x03805490        0x4 Drive1.o
                0x03805490                Drive1_M
 .rodata.DevicePresent.str1.1
                0x03805494       0xc9 MW_SupportFunc_Wrapper.o
 .rodata.MW_TabMgr_DrawButton.str1.1
                0x0380555d        0x6 MW_TabManager.o
 .rodata.MW_TabMgr_DrawButtons.str1.1
                0x03805563        0xa MW_TabManager.o
 .rodata.vexDisplayMessageTabInit.str1.1
                0x0380556d        0xc MW_TabManager.o
 .rodata.pvPortMalloc.str1.1
                0x03805579       0x84 heap_4.o
 .rodata.mw_RTOSInit.str1.1
                0x038055fd       0x73 mw_freertos_init.o
 .rodata.mw_osThreadCreate.str1.1
                0x03805670       0x5c mw_thread.o
 .rodata.xPortStartScheduler.str1.1
                0x038056cc       0x86 port.o
 *fill*         0x03805752        0x2 
 .rodata.ulICCEOIR
                0x03805754        0x4 port.o
                0x03805754                ulICCEOIR
 .rodata.ulICCIAR
                0x03805758        0x4 port.o
                0x03805758                ulICCIAR
 .rodata.ulICCPMR
                0x0380575c        0x4 port.o
                0x0380575c                ulICCPMR
 .rodata.ulMaxAPIPriorityMask
                0x03805760        0x4 port.o
                0x03805760                ulMaxAPIPriorityMask
 .rodata.prvNotifyQueueSetContainer.str1.1
                0x03805764       0x72 queue.o
 .rodata.CSWTCH.4
                0x038057d6        0x3 rt_zcfcn.o
 .rodata.eventMatrix.5628
                0x038057d9       0x10 rt_zcfcn.o
 .rodata.prvTaskIsTaskSuspended.str1.1
                0x038057e9       0x72 tasks.o
 .rodata.vTaskStartScheduler.str1.1
                0x0380585b        0x5 tasks.o
 .rodata.prvCheckForValidListAndQueue.str1.1
                0x03805860        0x5 timers.o
 .rodata.xTimerCreateTimerTask.str1.1
                0x03805865       0x7b timers.o
 .rodata.str1.1
                0x038058e0       0x2b C:/ProgramData/MATLAB/SupportPackages/R2021a/3P.instrset/vexv5sdk.instrset/SDK_V5_1_0_12_0/vexv5/libv5rts.a(v5_startup.c.obj)
 *(.gnu.linkonce.r.*)
                0x0380590b                __rodata_end = .

.rel.dyn        0x0380590c        0x0
 .rel.iplt      0x0380590c        0x0 Drive1.o

.rodata1        0x0380590b        0x0
                0x0380590b                __rodata1_start = .
 *(.rodata1)
 *(.rodata1.*)
                0x0380590b                __rodata1_end = .

.sdata2         0x0380590b        0x0
                0x0380590b                __sdata2_start = .
 *(.sdata2)
 *(.sdata2.*)
 *(.gnu.linkonce.s2.*)
                0x0380590b                __sdata2_end = .

.sbss2          0x0380590b        0x0
                0x0380590b                __sbss2_start = .
 *(.sbss2)
 *(.sbss2.*)
 *(.gnu.linkonce.sb2.*)
                0x0380590b                __sbss2_end = .

.data           0x03805910       0xb4
                0x03805910                __data_start = .
 *(.data)
 *(.data.*)
 .data.Drive1_P
                0x03805910       0xa8 Drive1_data.o
                0x03805910                Drive1_P
 .data.activeTab
                0x038059b8        0x1 MW_TabManager.o
 .data.runModel
                0x038059b9        0x1 ert_main.o
                0x038059b9                runModel
 *fill*         0x038059ba        0x2 
 .data.ulCriticalNesting
                0x038059bc        0x4 port.o
                0x038059bc                ulCriticalNesting
 .data.appRunning
                0x038059c0        0x4 C:/ProgramData/MATLAB/SupportPackages/R2021a/3P.instrset/vexv5sdk.instrset/SDK_V5_1_0_12_0/vexv5/libv5rts.a(v5_startup.c.obj)
                0x038059c0                appRunning
 *(.gnu.linkonce.d.*)
 *(.jcr)
 *(.got)
 *(.got.plt)
                0x038059c4                __data_end = .

.igot.plt       0x038059c4        0x0
 .igot.plt      0x038059c4        0x0 Drive1.o

.data1          0x038059c4        0x0
                0x038059c4                __data1_start = .
 *(.data1)
 *(.data1.*)
                0x038059c4                __data1_end = .

.got
 *(.got)

.ctors          0x038059c4        0x0
                0x038059c4                __CTOR_LIST__ = .
                0x038059c4                ___CTORS_LIST___ = .
 *crtbegin.o(.ctors)
 *(EXCLUDE_FILE(*crtend.o) .ctors)
 *(SORT_BY_NAME(.ctors.*))
 *(.ctors)
                0x038059c4                __CTOR_END__ = .
                0x038059c4                ___CTORS_END___ = .

.dtors          0x038059c4        0x0
                0x038059c4                __DTOR_LIST__ = .
                0x038059c4                ___DTORS_LIST___ = .
 *crtbegin.o(.dtors)
 *(EXCLUDE_FILE(*crtend.o) .dtors)
 *(SORT_BY_NAME(.dtors.*))
 *(.dtors)
                0x038059c4                __DTOR_END__ = .
                0x038059c4                ___DTORS_END___ = .

.fixup          0x038059c4        0x0
                0x038059c4                __fixup_start = .
 *(.fixup)
                0x038059c4                __fixup_end = .

.eh_frame
 *(.eh_frame)

.eh_framehdr    0x038059c4        0x0
                0x038059c4                __eh_framehdr_start = .
 *(.eh_framehdr)
                0x038059c4                __eh_framehdr_end = .

.gcc_except_table
 *(.gcc_except_table)

.mmu_tbl        0x03808000        0x0
                0x03808000                __mmu_tbl_start = .
 *(.mmu_tbl)
                0x03808000                __mmu_tbl_end = .

.ARM.exidx      0x038059c4        0x0
                0x038059c4                __exidx_start = .
 *(.ARM.exidx*)
 *(.gnu.linkonce.armexidix.*.*)
                0x038059c4                __exidx_end = .

.preinit_array  0x038059c4        0x0
                0x038059c4                __preinit_array_start = .
 *(SORT_BY_NAME(.preinit_array.*))
 *(.preinit_array)
                0x038059c4                __preinit_array_end = .

.init_array     0x038059c4        0x0
                0x038059c4                __init_array_start = .
 *(SORT_BY_NAME(.init_array.*))
 *(.init_array)
                0x038059c4                __init_array_end = .

.fini_array     0x038059c4        0x0
                0x038059c4                __fini_array_start = .
 *(SORT_BY_NAME(.fini_array.*))
 *(.fini_array)
                0x038059c4                __fini_array_end = .

.ARM.attributes
                0x038059c4       0x33
                0x038059c4                __ARM.attributes_start = .
 *(.ARM.attributes)
 .ARM.attributes
                0x038059c4       0x35 Drive1.o
 .ARM.attributes
                0x038059f9       0x35 Drive1_data.o
 .ARM.attributes
                0x03805a2e       0x35 MW_FreeRTOS_glue.o
 .ARM.attributes
                0x03805a63       0x35 MW_SupportFunc_Wrapper.o
 .ARM.attributes
                0x03805a98       0x35 MW_TabManager.o
 .ARM.attributes
                0x03805acd       0x35 MW_Vex_TaskControl.o
 .ARM.attributes
                0x03805b02       0x35 ert_main.o
 .ARM.attributes
                0x03805b37       0x35 heap_4.o
 .ARM.attributes
                0x03805b6c       0x35 list.o
 .ARM.attributes
                0x03805ba1       0x35 mw_freertos_init.o
 .ARM.attributes
                0x03805bd6       0x35 mw_semaphore.o
 .ARM.attributes
                0x03805c0b       0x35 mw_thread.o
 .ARM.attributes
                0x03805c40       0x35 mw_timer.o
 .ARM.attributes
                0x03805c75       0x35 port.o
 .ARM.attributes
                0x03805caa       0x23 portASM.o
 .ARM.attributes
                0x03805ccd       0x35 queue.o
 .ARM.attributes
                0x03805d02       0x35 rt_zcfcn.o
 .ARM.attributes
                0x03805d37       0x35 tasks.o
 .ARM.attributes
                0x03805d6c       0x35 timers.o
 .ARM.attributes
                0x03805da1       0x35 C:/ProgramData/MATLAB/SupportPackages/R2021a/3P.instrset/vexv5sdk.instrset/SDK_V5_1_0_12_0/vexv5/libv5rts.a(v5_startup.c.obj)
 .ARM.attributes
                0x03805dd6       0x35 C:/ProgramData/MATLAB/SupportPackages/R2021a/3P.instrset/vexv5sdk.instrset/SDK_V5_1_0_12_0/vexv5/libv5rts.a(v5_apijump.c.obj)
 .ARM.attributes
                0x03805e0b       0x35 C:/ProgramData/MATLAB/SupportPackages/R2021a/3P.instrset/vexv5sdk.instrset/SDK_V5_1_0_12_0/vexv5/libv5rts.a(v5_apiuser.c.obj)
 .ARM.attributes
                0x03805e40       0x33 c:/progra~3/matlab/suppor~1/r2021a/3p778c~1.ins/gnuarm~1.ins/win/bin/../lib/gcc/arm-none-eabi/9.3.1/../../../../arm-none-eabi/lib/thumb/v7-a+simd/softfp/libc.a(lib_a-fini.o)
 .ARM.attributes
                0x03805e73       0x33 c:/progra~3/matlab/suppor~1/r2021a/3p778c~1.ins/gnuarm~1.ins/win/bin/../lib/gcc/arm-none-eabi/9.3.1/../../../../arm-none-eabi/lib/thumb/v7-a+simd/softfp/libc.a(lib_a-init.o)
 .ARM.attributes
                0x03805ea6       0x21 c:/progra~3/matlab/suppor~1/r2021a/3p778c~1.ins/gnuarm~1.ins/win/bin/../lib/gcc/arm-none-eabi/9.3.1/../../../../arm-none-eabi/lib/thumb/v7-a+simd/softfp/libc.a(lib_a-memcpy.o)
 .ARM.attributes
                0x03805ec7       0x33 c:/progra~3/matlab/suppor~1/r2021a/3p778c~1.ins/gnuarm~1.ins/win/bin/../lib/gcc/arm-none-eabi/9.3.1/../../../../arm-none-eabi/lib/thumb/v7-a+simd/softfp/libc.a(lib_a-memset.o)
 .ARM.attributes
                0x03805efa       0x33 c:/progra~3/matlab/suppor~1/r2021a/3p778c~1.ins/gnuarm~1.ins/win/bin/../lib/gcc/arm-none-eabi/9.3.1/../../../../arm-none-eabi/lib/thumb/v7-a+simd/softfp/libc.a(lib_a-strcpy.o)
 .ARM.attributes
                0x03805f2d       0x19 c:/progra~3/matlab/suppor~1/r2021a/3p778c~1.ins/gnuarm~1.ins/win/bin/../lib/gcc/arm-none-eabi/9.3.1/../../../../arm-none-eabi/lib/thumb/v7-a+simd/softfp/libc.a(lib_a-strlen.o)
 .ARM.attributes
                0x03805f46       0x33 c:/progra~3/matlab/suppor~1/r2021a/3p778c~1.ins/gnuarm~1.ins/win/bin/../lib/gcc/arm-none-eabi/9.3.1/../../../../arm-none-eabi/lib/thumb/v7-a+simd/softfp/libc.a(lib_a-strncpy.o)
                0x03805f79                __ARM.attributes_end = .

.sdata          0x038059c4        0x0
                0x038059c4                __sdata_start = .
 *(.sdata)
 *(.sdata.*)
 *(.gnu.linkonce.s.*)
                0x038059c4                __sdata_end = .

.sbss           0x038059c4        0x0
                0x038059c4                __sbss_start = .
 *(.sbss)
 *(.sbss.*)
 *(.gnu.linkonce.sb.*)
                0x038059c4                __sbss_end = .

.tdata          0x038059c4        0x0
                0x038059c4                __tdata_start = .
 *(.tdata)
 *(.tdata.*)
 *(.gnu.linkonce.td.*)
                0x038059c4                __tdata_end = .

.tbss           0x038059c4        0x0
                0x038059c4                __tbss_start = .
 *(.tbss)
 *(.tbss.*)
 *(.gnu.linkonce.tb.*)
                0x038059c4                __tbss_end = .

.bss            0x038059c8    0x439e9
                0x038059c8                __bss_start = .
 *(.bss)
 *(.bss.*)
 .bss.Drive1_M_
                0x038059c8        0x4 Drive1.o
 .bss.uxIdleTaskStack.8623
                0x038059cc     0x1000 MW_FreeRTOS_glue.o
 .bss.uxTimerTaskStack.8630
                0x038069cc     0x2000 MW_FreeRTOS_glue.o
 .bss.xIdleTaskTCB.8622
                0x038089cc       0x5c MW_FreeRTOS_glue.o
 .bss.xTimerTaskTCB.8629
                0x03808a28       0x5c MW_FreeRTOS_glue.o
 .bss.portMsgIndex
                0x03808a84        0x1 MW_SupportFunc_Wrapper.o
 .bss.activeMsgHead
                0x03808a85        0x1 MW_TabManager.o
 .bss.diagnosticTabHandle
                0x03808a86        0x1 MW_TabManager.o
 .bss.messageObjs
                0x03808a87      0x198 MW_TabManager.o
 .bss.msgIndexLast
                0x03808c1f        0x1 MW_TabManager.o
 .bss.navButtons
                0x03808c20       0x30 MW_TabManager.o
 .bss.numberOfOtherTabs
                0x03808c50        0x1 MW_TabManager.o
 .bss.numberOfSimulinkPanelTabs
                0x03808c51        0x1 MW_TabManager.o
 .bss.numberOfUserButtonsRegistered
                0x03808c52        0x1 MW_TabManager.o
 *fill*         0x03808c53        0x1 
 .bss.userPushButtons
                0x03808c54      0x168 MW_TabManager.o
 .bss.vexOtherTabs
                0x03808dbc       0x3f MW_TabManager.o
 .bss.vexSimulinkPanelTabs
                0x03808dfb       0x69 MW_TabManager.o
 .bss.stopRequested
                0x03808e64        0x1 ert_main.o
                0x03808e64                stopRequested
 *fill*         0x03808e65        0x3 
 .bss.terminatingmodel
                0x03808e68        0x4 ert_main.o
                0x03808e68                terminatingmodel
 .bss.pxEnd     0x03808e6c        0x4 heap_4.o
 .bss.ucHeap    0x03808e70    0x40000 heap_4.o
 .bss.xBlockAllocatedBit
                0x03848e70        0x4 heap_4.o
 .bss.xFreeBytesRemaining
                0x03848e74        0x4 heap_4.o
 .bss.xMinimumEverFreeBytesRemaining
                0x03848e78        0x4 heap_4.o
 .bss.xStart    0x03848e7c        0x8 heap_4.o
 .bss.ulPortInterruptNesting
                0x03848e84        0x4 port.o
                0x03848e84                ulPortInterruptNesting
 .bss.ulPortTaskHasFPUContext
                0x03848e88        0x4 port.o
                0x03848e88                ulPortTaskHasFPUContext
 .bss.ulPortYieldRequired
                0x03848e8c        0x4 port.o
                0x03848e8c                ulPortYieldRequired
 .bss.pxCurrentTCB
                0x03848e90        0x4 tasks.o
                0x03848e90                pxCurrentTCB
 .bss.pxDelayedTaskList
                0x03848e94        0x4 tasks.o
 .bss.pxOverflowDelayedTaskList
                0x03848e98        0x4 tasks.o
 .bss.pxReadyTasksLists
                0x03848e9c      0x140 tasks.o
 .bss.ulTaskSwitchedInTime
                0x03848fdc        0x4 tasks.o
 .bss.uxCurrentNumberOfTasks
                0x03848fe0        0x4 tasks.o
 .bss.uxDeletedTasksWaitingCleanUp
                0x03848fe4        0x4 tasks.o
 .bss.uxPendedTicks
                0x03848fe8        0x4 tasks.o
 .bss.uxSchedulerSuspended
                0x03848fec        0x4 tasks.o
 .bss.uxTaskNumber
                0x03848ff0        0x4 tasks.o
 .bss.uxTopReadyPriority
                0x03848ff4        0x4 tasks.o
 .bss.xDelayedTaskList1
                0x03848ff8       0x14 tasks.o
 .bss.xDelayedTaskList2
                0x0384900c       0x14 tasks.o
 .bss.xNextTaskUnblockTime
                0x03849020        0x4 tasks.o
 .bss.xNumOfOverflows
                0x03849024        0x4 tasks.o
 .bss.xPendingReadyList
                0x03849028       0x14 tasks.o
 .bss.xSchedulerRunning
                0x0384903c        0x4 tasks.o
 .bss.xSuspendedTaskList
                0x03849040       0x14 tasks.o
 .bss.xTasksWaitingTermination
                0x03849054       0x14 tasks.o
 .bss.xTickCount
                0x03849068        0x4 tasks.o
 .bss.xYieldPending
                0x0384906c        0x4 tasks.o
 .bss.pxCurrentTimerList
                0x03849070        0x4 timers.o
 .bss.pxOverflowTimerList
                0x03849074        0x4 timers.o
 .bss.ucStaticTimerQueueStorage.7069
                0x03849078       0x50 timers.o
 .bss.xActiveTimerList1
                0x038490c8       0x14 timers.o
 .bss.xActiveTimerList2
                0x038490dc       0x14 timers.o
 .bss.xLastTime.7022
                0x038490f0        0x4 timers.o
 .bss.xStaticTimerQueue.7068
                0x038490f4       0x4c timers.o
 .bss.xTimerQueue
                0x03849140        0x4 timers.o
 .bss.xTimerTaskHandle
                0x03849144        0x4 timers.o
 .bss._stack_save
                0x03849148        0x4 C:/ProgramData/MATLAB/SupportPackages/R2021a/3P.instrset/vexv5sdk.instrset/SDK_V5_1_0_12_0/vexv5/libv5rts.a(v5_startup.c.obj)
 *(.gnu.linkonce.b.*)
 *(COMMON)
 *fill*         0x0384914c        0x4 
 COMMON         0x03849150      0x1ab Drive1.o
                0x03849150                Drive1_B
                0x03849238                Drive1_DW
                0x038492f8                Drive1_PrevZCX
 *fill*         0x038492fb        0x1 
 COMMON         0x038492fc       0x4c ert_main.o
                0x038492fc                threadJoinStatus
                0x03849300                stopSem
                0x03849304                baserateTaskSem
                0x03849308                baseRateThread
                0x03849328                schedulerThread
 COMMON         0x03849348       0x28 mw_freertos_init.o
                0x03849348                mw_scheduler_timer_def
                0x0384936c                mw_timer_id
 COMMON         0x03849370       0x40 queue.o
                0x03849370                xQueueRegistry
 COMMON         0x038493b0        0x1 C:/ProgramData/MATLAB/SupportPackages/R2021a/3P.instrset/vexv5sdk.instrset/SDK_V5_1_0_12_0/vexv5/libv5rts.a(v5_startup.c.obj)
                0x038493b0                __vex_critical_section
                0x038493b1                __bss_end = .
                0x038059c4                _SDA_BASE_ = (__sdata_start + ((__sbss_end - __sdata_start) / 0x2))
                0x0380590b                _SDA2_BASE_ = (__sdata2_start + ((__sbss2_end - __sdata2_start) / 0x2))

.heap           0x038493b1   0x10000f
                0x038493c0                . = ALIGN (0x10)
 *fill*         0x038493b1        0xf 
                0x038493c0                _heap = .
                0x038493c0                HeapBase = .
                0x038493c0                _heap_start = .
                0x039493c0                . = (. + _HEAP_SIZE)
 *fill*         0x038493c0   0x100000 
                0x039493c0                _heap_end = .
                0x039493c0                HeapLimit = .

.stack          0x039493c0     0x3800
                0x039493c0                . = ALIGN (0x10)
                0x039493c0                _stack_end = .
                0x0394b3c0                . = (. + _STACK_SIZE)
 *fill*         0x039493c0     0x2000 
                0x0394b3c0                . = ALIGN (0x10)
                0x0394b3c0                _stack = .
                0x0394b3c0                __stack = _stack
                0x0394b3c0                . = ALIGN (0x10)
                0x0394b3c0                _irq_stack_end = .
                0x0394b7c0                . = (. + _IRQ_STACK_SIZE)
 *fill*         0x0394b3c0      0x400 
                0x0394b7c0                . = ALIGN (0x10)
                0x0394b7c0                __irq_stack = .
                0x0394b7c0                _supervisor_stack_end = .
                0x0394bfc0                . = (. + _SUPERVISOR_STACK_SIZE)
 *fill*         0x0394b7c0      0x800 
                0x0394bfc0                . = ALIGN (0x10)
                0x0394bfc0                __supervisor_stack = .
                0x0394bfc0                _abort_stack_end = .
                0x0394c3c0                . = (. + _ABORT_STACK_SIZE)
 *fill*         0x0394bfc0      0x400 
                0x0394c3c0                . = ALIGN (0x10)
                0x0394c3c0                __abort_stack = .
                0x0394c3c0                _fiq_stack_end = .
                0x0394c7c0                . = (. + _FIQ_STACK_SIZE)
 *fill*         0x0394c3c0      0x400 
                0x0394c7c0                . = ALIGN (0x10)
                0x0394c7c0                __fiq_stack = .
                0x0394c7c0                _undef_stack_end = .
                0x0394cbc0                . = (. + _UNDEF_STACK_SIZE)
 *fill*         0x0394c7c0      0x400 
                0x0394cbc0                . = ALIGN (0x10)
                0x0394cbc0                __undef_stack = .
                0x0394cbc0                _end = .
OUTPUT(../Drive1.elf elf32-littlearm)
LOAD linker stubs

.comment        0x00000000       0xbc
 .comment       0x00000000       0x4c Drive1.o
                                 0x4d (size before relaxing)
 .comment       0x0000004c       0x4d Drive1_data.o
 .comment       0x0000004c       0x4d MW_FreeRTOS_glue.o
 .comment       0x0000004c       0x4d MW_SupportFunc_Wrapper.o
 .comment       0x0000004c       0x4d MW_TabManager.o
 .comment       0x0000004c       0x4d MW_Vex_TaskControl.o
 .comment       0x0000004c       0x4d ert_main.o
 .comment       0x0000004c       0x4d heap_4.o
 .comment       0x0000004c       0x4d list.o
 .comment       0x0000004c       0x4d mw_freertos_init.o
 .comment       0x0000004c       0x4d mw_semaphore.o
 .comment       0x0000004c       0x4d mw_thread.o
 .comment       0x0000004c       0x4d mw_timer.o
 .comment       0x0000004c       0x4d port.o
 .comment       0x0000004c       0x4d queue.o
 .comment       0x0000004c       0x4d rt_zcfcn.o
 .comment       0x0000004c       0x4d tasks.o
 .comment       0x0000004c       0x4d timers.o
 .comment       0x0000004c       0x70 C:/ProgramData/MATLAB/SupportPackages/R2021a/3P.instrset/vexv5sdk.instrset/SDK_V5_1_0_12_0/vexv5/libv5rts.a(v5_startup.c.obj)
                                 0x71 (size before relaxing)
 .comment       0x000000bc       0x71 C:/ProgramData/MATLAB/SupportPackages/R2021a/3P.instrset/vexv5sdk.instrset/SDK_V5_1_0_12_0/vexv5/libv5rts.a(v5_apijump.c.obj)
 .comment       0x000000bc       0x71 C:/ProgramData/MATLAB/SupportPackages/R2021a/3P.instrset/vexv5sdk.instrset/SDK_V5_1_0_12_0/vexv5/libv5rts.a(v5_apiuser.c.obj)

.debug_frame    0x00000000       0xf4
 .debug_frame   0x00000000       0x34 c:/progra~3/matlab/suppor~1/r2021a/3p778c~1.ins/gnuarm~1.ins/win/bin/../lib/gcc/arm-none-eabi/9.3.1/../../../../arm-none-eabi/lib/thumb/v7-a+simd/softfp/libc.a(lib_a-fini.o)
 .debug_frame   0x00000034       0x2c c:/progra~3/matlab/suppor~1/r2021a/3p778c~1.ins/gnuarm~1.ins/win/bin/../lib/gcc/arm-none-eabi/9.3.1/../../../../arm-none-eabi/lib/thumb/v7-a+simd/softfp/libc.a(lib_a-init.o)
 .debug_frame   0x00000060       0x38 c:/progra~3/matlab/suppor~1/r2021a/3p778c~1.ins/gnuarm~1.ins/win/bin/../lib/gcc/arm-none-eabi/9.3.1/../../../../arm-none-eabi/lib/thumb/v7-a+simd/softfp/libc.a(lib_a-memset.o)
 .debug_frame   0x00000098       0x20 c:/progra~3/matlab/suppor~1/r2021a/3p778c~1.ins/gnuarm~1.ins/win/bin/../lib/gcc/arm-none-eabi/9.3.1/../../../../arm-none-eabi/lib/thumb/v7-a+simd/softfp/libc.a(lib_a-strcpy.o)
 .debug_frame   0x000000b8       0x3c c:/progra~3/matlab/suppor~1/r2021a/3p778c~1.ins/gnuarm~1.ins/win/bin/../lib/gcc/arm-none-eabi/9.3.1/../../../../arm-none-eabi/lib/thumb/v7-a+simd/softfp/libc.a(lib_a-strncpy.o)
